
Bienvenido a ObjectWars
Este juego es un juego para dos jugadores. Lo que un jugador realiza durante su turno es secreto, por lo que el otro jugador no debe mirar las acciones que realize el otro jugador durante su turno.

El objectivo del juego es dejar el enemigo sin puntos de vida, al empezar cada jugador dispone de 20.

Durante un turno el jugador puede comprar unidades.

Al empejar un turno cada jugador recibe 10 mondedas.

Despues de que ambos jugadores acaben sus turnos sus unidades entraran en combate. Si un jugador no tiene unidades, o son derrotadas, recibirá el daño en sus puntos de vida.

Existen tres tipologias de unidades: soldados, arqueros y caballeros. Las unidades tienen un bonus de 1.5 de daño siguiendo la siguiente jerarquía:
soldado -> arquero -> caballero -> soldado


    
    
Jugador: Jugador1
Puntos de vida: 20
Monedas: 10
Unidades:

Elige una opción:
1) Terminar aplicación
2) Finalizar turno
3) Comprar soldado: 
    coste: 5 puntos_ataque: 3 puntos_vida: 10 
4) Comprar arquero: 
    coste: 6 puntos_ataque: 8 puntos_vida: 10 
5) Comprar caballero: 
    coste: 9 puntos_ataque: 5 puntos_vida: 10 
Jugador: Jugador1
Puntos de vida: 20
Monedas: 5
Unidades:
1. soldado

Elige una opción:
1) Terminar aplicación
2) Finalizar turno
3) Comprar soldado: 
    coste: 5 puntos_ataque: 3 puntos_vida: 10 
4) Comprar arquero: 
    coste: 6 puntos_ataque: 8 puntos_vida: 10 
5) Comprar caballero: 
    coste: 9 puntos_ataque: 5 puntos_vida: 10 
Jugador: Jugador1
Puntos de vida: 20
Monedas: 0
Unidades:
1. soldado
2. soldado

Elige una opción:
1) Terminar aplicación
2) Finalizar turno
3) Comprar soldado: 
    coste: 5 puntos_ataque: 3 puntos_vida: 10 
4) Comprar arquero: 
    coste: 6 puntos_ataque: 8 puntos_vida: 10 
5) Comprar caballero: 
    coste: 9 puntos_ataque: 5 puntos_vida: 10 
Jugador: jugador2
Puntos de vida: 20
Monedas: 10
Unidades:

Elige una opción:
1) Terminar aplicación
2) Finalizar turno
3) Comprar soldado: 
    coste: 5 puntos_ataque: 3 puntos_vida: 10 
4) Comprar arquero: 
    coste: 6 puntos_ataque: 8 puntos_vida: 10 
5) Comprar caballero: 
    coste: 9 puntos_ataque: 5 puntos_vida: 10 
Jugador: jugador2
Puntos de vida: 20
Monedas: 1
Unidades:
1. caballero

Elige una opción:
1) Terminar aplicación
2) Finalizar turno
3) Comprar soldado: 
    coste: 5 puntos_ataque: 3 puntos_vida: 10 
4) Comprar arquero: 
    coste: 6 puntos_ataque: 8 puntos_vida: 10 
5) Comprar caballero: 
    coste: 9 puntos_ataque: 5 puntos_vida: 10 
Jugador: Jugador1
Puntos de vida: 20
Monedas: 10
Unidades:

Elige una opción:
1) Terminar aplicación
2) Finalizar turno
3) Comprar soldado: 
    coste: 5 puntos_ataque: 3 puntos_vida: 10 
4) Comprar arquero: 
    coste: 6 puntos_ataque: 8 puntos_vida: 10 
5) Comprar caballero: 
    coste: 9 puntos_ataque: 5 puntos_vida: 10 
Jugador: Jugador1
Puntos de vida: 20
Monedas: 4
Unidades:
1. arquero

Elige una opción:
1) Terminar aplicación
2) Finalizar turno
3) Comprar soldado: 
    coste: 5 puntos_ataque: 3 puntos_vida: 10 
4) Comprar arquero: 
    coste: 6 puntos_ataque: 8 puntos_vida: 10 
5) Comprar caballero: 
    coste: 9 puntos_ataque: 5 puntos_vida: 10 
Jugador: jugador2
Puntos de vida: 20
Monedas: 11
Unidades:

Elige una opción:
1) Terminar aplicación
2) Finalizar turno
3) Comprar soldado: 
    coste: 5 puntos_ataque: 3 puntos_vida: 10 
4) Comprar arquero: 
    coste: 6 puntos_ataque: 8 puntos_vida: 10 
5) Comprar caballero: 
    coste: 9 puntos_ataque: 5 puntos_vida: 10 
Jugador: jugador2
Puntos de vida: 20
Monedas: 2
Unidades:
1. caballero

Elige una opción:
1) Terminar aplicación
2) Finalizar turno
3) Comprar soldado: 
    coste: 5 puntos_ataque: 3 puntos_vida: 10 
4) Comprar arquero: 
    coste: 6 puntos_ataque: 8 puntos_vida: 10 
5) Comprar caballero: 
    coste: 9 puntos_ataque: 5 puntos_vida: 10 
Jugador: Jugador1
Puntos de vida: 20
Monedas: 14
Unidades:

Elige una opción:
1) Terminar aplicación
2) Finalizar turno
3) Comprar soldado: 
    coste: 5 puntos_ataque: 3 puntos_vida: 10 
4) Comprar arquero: 
    coste: 6 puntos_ataque: 8 puntos_vida: 10 
5) Comprar caballero: 
    coste: 9 puntos_ataque: 5 puntos_vida: 10 
Jugador: Jugador1
Puntos de vida: 20
Monedas: 5
Unidades:
1. caballero

Elige una opción:
1) Terminar aplicación
2) Finalizar turno
3) Comprar soldado: 
    coste: 5 puntos_ataque: 3 puntos_vida: 10 
4) Comprar arquero: 
    coste: 6 puntos_ataque: 8 puntos_vida: 10 
5) Comprar caballero: 
    coste: 9 puntos_ataque: 5 puntos_vida: 10 
Jugador: Jugador1
Puntos de vida: 20
Monedas: 0
Unidades:
1. caballero
2. soldado

Elige una opción:
1) Terminar aplicación
2) Finalizar turno
3) Comprar soldado: 
    coste: 5 puntos_ataque: 3 puntos_vida: 10 
4) Comprar arquero: 
    coste: 6 puntos_ataque: 8 puntos_vida: 10 
5) Comprar caballero: 
    coste: 9 puntos_ataque: 5 puntos_vida: 10 
Jugador: Jugador1
Puntos de vida: 20
Monedas: 0
Unidades:
1. caballero
2. soldado

No dispones de suficiente dinero
Elige una opción:
1) Terminar aplicación
2) Finalizar turno
3) Comprar soldado: 
    coste: 5 puntos_ataque: 3 puntos_vida: 10 
4) Comprar arquero: 
    coste: 6 puntos_ataque: 8 puntos_vida: 10 
5) Comprar caballero: 
    coste: 9 puntos_ataque: 5 puntos_vida: 10 
Jugador: jugador2
Puntos de vida: 20
Monedas: 12
Unidades:

Elige una opción:
1) Terminar aplicación
2) Finalizar turno
3) Comprar soldado: 
    coste: 5 puntos_ataque: 3 puntos_vida: 10 
4) Comprar arquero: 
    coste: 6 puntos_ataque: 8 puntos_vida: 10 
5) Comprar caballero: 
    coste: 9 puntos_ataque: 5 puntos_vida: 10 
Jugador: jugador2
Puntos de vida: 20
Monedas: 7
Unidades:
1. soldado

Elige una opción:
1) Terminar aplicación
2) Finalizar turno
3) Comprar soldado: 
    coste: 5 puntos_ataque: 3 puntos_vida: 10 
4) Comprar arquero: 
    coste: 6 puntos_ataque: 8 puntos_vida: 10 
5) Comprar caballero: 
    coste: 9 puntos_ataque: 5 puntos_vida: 10 
Jugador: jugador2
Puntos de vida: 20
Monedas: 2
Unidades:
1. soldado
2. soldado

Elige una opción:
1) Terminar aplicación
2) Finalizar turno
3) Comprar soldado: 
    coste: 5 puntos_ataque: 3 puntos_vida: 10 
4) Comprar arquero: 
    coste: 6 puntos_ataque: 8 puntos_vida: 10 
5) Comprar caballero: 
    coste: 9 puntos_ataque: 5 puntos_vida: 10 
Jugador: Jugador1
Puntos de vida: 20
Monedas: 10
Unidades:
1. soldado

Elige una opción:
1) Terminar aplicación
2) Finalizar turno
3) Comprar soldado: 
    coste: 5 puntos_ataque: 3 puntos_vida: 10 
4) Comprar arquero: 
    coste: 6 puntos_ataque: 8 puntos_vida: 10 
5) Comprar caballero: 
    coste: 9 puntos_ataque: 5 puntos_vida: 10 
